[debug] [2026-01-29T04:32:41.961Z] ----------------------------------------------------------------------
[debug] [2026-01-29T04:32:41.962Z] Command:       /usr/local/bin/node /usr/local/bin/firebase init
[debug] [2026-01-29T04:32:41.963Z] CLI Version:   15.4.0
[debug] [2026-01-29T04:32:41.963Z] Platform:      darwin
[debug] [2026-01-29T04:32:41.963Z] Node Version:  v20.18.0
[debug] [2026-01-29T04:32:41.963Z] Time:          Thu Jan 29 2026 11:02:41 GMT+0630 (Myanmar Time)
[debug] [2026-01-29T04:32:41.963Z] ----------------------------------------------------------------------
[debug] 
[debug] [2026-01-29T04:32:41.964Z] >>> [apiv2][query] GET https://firebase-public.firebaseio.com/cli.json [none]
[info] 
     ######## #### ########  ######## ########     ###     ######  ########
     ##        ##  ##     ## ##       ##     ##  ##   ##  ##       ##
     ######    ##  ########  ######   ########  #########  ######  ######
     ##        ##  ##    ##  ##       ##     ## ##     ##       ## ##
     ##       #### ##     ## ######## ########  ##     ##  ######  ########

You're about to initialize a Firebase project in this directory:

  /Users/minkhantmaungmaung/Codes/first_job

[info] 
=== Project Setup
[info] 
[info] First, let's associate this project directory with a Firebase project.
[info] You can create multiple project aliases by running firebase use --add, 
[info] 
[debug] [2026-01-29T04:33:13.779Z] ExitPromptError: User force closed the prompt with SIGINT
    at Interface.sigint (/usr/local/lib/node_modules/firebase-tools/node_modules/@inquirer/core/dist/commonjs/lib/create-prompt.js:101:37)
    at Interface.emit (node:events:519:28)
    at [_ttyWrite] [as _ttyWrite] (node:internal/readline/interface:1126:18)
    at ReadStream.onkeypress (node:internal/readline/interface:265:20)
    at ReadStream.emit (node:events:531:35)
    at emitKeys (node:internal/readline/utils:371:14)
    at emitKeys.next (<anonymous>)
    at ReadStream.onData (node:internal/readline/emitKeypressEvents:64:36)
    at ReadStream.emit (node:events:519:28)
    at addChunk (node:internal/streams/readable:559:12)
[error] 
[error] Error: An unexpected error has occurred.
